#
# There is insufficient memory for the Java Runtime Environment to continue.
# Native memory allocation (mmap) failed to map 65536 bytes for Failed to commit metaspace.
# Possible reasons:
#   The system is out of physical RAM or swap space
#   The process is running with CompressedOops enabled, and the Java Heap may be blocking the growth of the native heap
# Possible solutions:
#   Reduce memory load on the system
#   Increase physical memory or swap space
#   Check if swap backing store is full
#   Decrease Java heap size (-Xmx/-Xms)
#   Decrease number of Java threads
#   Decrease Java thread stack sizes (-Xss)
#   Set larger code cache with -XX:ReservedCodeCacheSize=
#   JVM is running with Unscaled Compressed Oops mode in which the Java heap is
#     placed in the first 4GB address space. The Java Heap base address is the
#     maximum limit for the native heap growth. Please use -XX:HeapBaseMinAddress
#     to set the Java Heap base and to place the Java Heap above 4GB virtual address.
# This output file may be truncated or incomplete.
#
#  Out of Memory Error (virtualSpaceNode.cpp:110), pid=2988, tid=3268
#
# JRE version: Java(TM) SE Runtime Environment (17.0.12+8) (build 17.0.12+8-LTS-286)
# Java VM: Java HotSpot(TM) 64-Bit Server VM (17.0.12+8-LTS-286, mixed mode, sharing, tiered, compressed oops, compressed class ptrs, g1 gc, windows-amd64)
# No core dump will be written. Minidumps are not enabled by default on client versions of Windows
#

---------------  S U M M A R Y ------------

Command Line: -ea -Dfile.encoding=UTF-8 -Dstdout.encoding=UTF-8 -Dstderr.encoding=UTF-8 -XX:+ShowCodeDetailsInExceptionMessages org.testng.remote.RemoteTestNG -serport 63708 -protocol json -d C:\Users\NAYANA\eclipse-workspace\FinalProject\test-output C:\Users\NAYANA\AppData\Local\Temp\testng-eclipse-169138320\testng-customsuite.xml

Host: 11th Gen Intel(R) Core(TM) i3-1115G4 @ 3.00GHz, 4 cores, 7G,  Windows 11 , 64 bit Build 26100 (10.0.26100.9444)
Time: Tue Sep 29 13:50:03 2026 India Standard Time elapsed time: 4.454983 seconds (0d 0h 0m 4s)

---------------  T H R E A D  ---------------

Current thread (0x00000263ab8488f0):  JavaThread "main" [_thread_in_vm, id=3268, stack(0x000000e196800000,0x000000e196900000)]

Stack: [0x000000e196800000,0x000000e196900000]
Native frames: (J=compiled Java code, j=interpreted, Vv=VM code, C=native code)
V  [jvm.dll+0x67a04a]
V  [jvm.dll+0x7da4ed]
V  [jvm.dll+0x7dbe33]
V  [jvm.dll+0x7dc4a3]
V  [jvm.dll+0x24508f]
V  [jvm.dll+0x7d60bb]
V  [jvm.dll+0x6206c6]
V  [jvm.dll+0x1bed07]
V  [jvm.dll+0x623022]
V  [jvm.dll+0x621086]
V  [jvm.dll+0x2429bc]
V  [jvm.dll+0x6d0a9d]
V  [jvm.dll+0x6d146f]
V  [jvm.dll+0x36e355]
V  [jvm.dll+0x36e1c6]
V  [jvm.dll+0x36d404]
V  [jvm.dll+0x36d3a8]
V  [jvm.dll+0x37d0ca]
C  0x00000263ba64b706

Java frames: (J=compiled Java code, j=interpreted, Vv=VM code)
j  org.apache.commons.io.output.UnsynchronizedByteArrayOutputStream.builder()Lorg/apache/commons/io/output/UnsynchronizedByteArrayOutputStream$Builder;+0
j  org.apache.poi.util.IOUtils.peekFirstNBytes(Ljava/io/InputStream;I)[B+9
j  org.apache.poi.poifs.filesystem.FileMagic.valueOf(Ljava/io/InputStream;)Lorg/apache/poi/poifs/filesystem/FileMagic;+20
j  org.apache.poi.openxml4j.opc.internal.ZipHelper.verifyZipHeader(Ljava/io/InputStream;)V+6
j  org.apache.poi.openxml4j.opc.internal.ZipHelper.openZipStream(Ljava/io/InputStream;Z)Lorg/apache/poi/openxml4j/util/ZipArchiveThresholdInputStream;+6
j  org.apache.poi.openxml4j.opc.ZipPackage.<init>(Ljava/io/InputStream;Lorg/apache/poi/openxml4j/opc/PackageAccess;ZLorg/apache/poi/openxml4j/opc/OPCComplianceFlags;)V+9
j  org.apache.poi.openxml4j.opc.OPCPackage.open(Ljava/io/InputStream;ZLorg/apache/poi/openxml4j/opc/OPCComplianceFlags;)Lorg/apache/poi/openxml4j/opc/OPCPackage;+10
j  org.apache.poi.openxml4j.opc.OPCPackage.open(Ljava/io/InputStream;Z)Lorg/apache/poi/openxml4j/opc/OPCPackage;+5
j  org.apache.poi.ooxml.util.PackageHelper.open(Ljava/io/InputStream;Z)Lorg/apache/poi/openxml4j/opc/OPCPackage;+2
j  org.apache.poi.xssf.usermodel.XSSFWorkbook.<init>(Ljava/io/InputStream;Z)V+3
j  org.apache.poi.xssf.usermodel.XSSFWorkbook.<init>(Ljava/io/InputStream;)V+3
j  utilities.Excelutility.readStringData(IILjava/lang/String;)Ljava/lang/String;+19
j  testscripts.Adminusertest.testReset()V+4
v  ~StubRoutines::call_stub
j  jdk.internal.reflect.NativeMethodAccessorImpl.invoke0(Ljava/lang/reflect/Method;Ljava/lang/Object;[Ljava/lang/Object;)Ljava/lang/Object;+0 java.base@17.0.12
j  jdk.internal.reflect.NativeMethodAccessorImpl.invoke(Ljava/lang/Object;[Ljava/lang/Object;)Ljava/lang/Object;+133 java.base@17.0.12
j  jdk.internal.reflect.DelegatingMethodAccessorImpl.invoke(Ljava/lang/Object;[Ljava/lang/Object;)Ljava/lang/Object;+6 java.base@17.0.12
j  java.lang.reflect.Method.invoke(Ljava/lang/Object;[Ljava/lang/Object;)Ljava/lang/Object;+59 java.base@17.0.12
j  org.testng.internal.invokers.MethodInvocationHelper.invokeMethod(Ljava/lang/reflect/Method;Ljava/lang/Object;[Ljava/lang/Object;)Ljava/lang/Object;+207
j  org.testng.internal.invokers.TestInvoker.invokeMethod(Lorg/testng/internal/invokers/TestMethodArguments;Lorg/testng/xml/XmlSuite;Lorg/testng/internal/invokers/ITestInvoker$FailureContext;)Lorg/testng/ITestResult;+1038
j  org.testng.internal.invokers.TestInvoker.invokeTestMethod(Lorg/testng/internal/invokers/TestMethodArguments;Lorg/testng/xml/XmlSuite;Lorg/testng/internal/invokers/ITestInvoker$FailureContext;)Lorg/testng/ITestResult;+16
j  org.testng.internal.invokers.MethodRunner.runInSequence(Lorg/testng/internal/invokers/TestMethodArguments;Lorg/testng/internal/invokers/ITestInvoker;Lorg/testng/ITestContext;Ljava/util/concurrent/atomic/AtomicInteger;Lorg/testng/internal/invokers/ITestInvoker$FailureContext;Ljava/util/Iterator;Z)Ljava/util/List;+127
j  org.testng.internal.invokers.TestInvoker$MethodInvocationAgent.invoke(I)I+384
j  org.testng.internal.invokers.TestInvoker.invokeTestMethods(Lorg/testng/ITestNGMethod;Lorg/testng/internal/ConfigurationGroupMethods;Ljava/lang/Object;Lorg/testng/ITestContext;)Ljava/util/List;+574
j  org.testng.internal.invokers.TestMethodWorker.invokeTestMethods(Lorg/testng/ITestNGMethod;Ljava/lang/Object;)V+14
j  org.testng.internal.invokers.TestMethodWorker.run()V+162
j  org.testng.TestRunner$$Lambda$213+0x00000263ca11c000.accept(Ljava/lang/Object;)V+7
j  java.util.ArrayList.forEach(Ljava/util/function/Consumer;)V+46 java.base@17.0.12
j  org.testng.TestRunner.privateRun(Lorg/testng/xml/XmlTest;)V+325
j  org.testng.TestRunner.run()V+11
j  org.testng.SuiteRunner.runTest(Lorg/testng/TestRunner;)V+21
j  org.testng.SuiteRunner.runSequentially()V+31
j  org.testng.SuiteRunner.privateRun()V+341
j  org.testng.SuiteRunner.run()V+6
j  org.testng.SuiteRunnerWorker.runSuite(Lorg/testng/internal/invokers/SuiteRunnerMap;Lorg/testng/xml/XmlSuite;)V+56
j  org.testng.SuiteRunnerWorker.run()V+12
j  org.testng.TestNG.runSuitesSequentially(Lorg/testng/xml/XmlSuite;Lorg/testng/internal/invokers/SuiteRunnerMap;ILjava/lang/String;)V+66
j  org.testng.TestNG.runSuitesLocally()Ljava/util/List;+190
j  org.testng.TestNG.runSuites()Ljava/util/List;+1
j  org.testng.TestNG.run()V+25
j  org.testng.remote.AbstractRemoteTestNG.run()V+149
j  org.testng.remote.RemoteTestNG.initAndRun(Lorg/testng/remote/IRemoteTestNG;[Ljava/lang/String;Lorg/testng/CommandLineArgs;Lorg/testng/remote/RemoteArgs;)V+272
j  org.testng.remote.RemoteTestNG.main([Ljava/lang/String;)V+223
v  ~StubRoutines::call_stub

---------------  P R O C E S S  ---------------

Threads class SMR info:
_java_thread_list=0x000002640fcc90c0, length=29, elements={
0x00000263ab8488f0, 0x00000263c8f3e450, 0x00000263c8f3fe20, 0x00000263c8f55490,
0x00000263c8f559a0, 0x00000263c8f572f0, 0x00000263c8f568d0, 0x00000263c8f69ec0,
0x00000263c8f80030, 0x00000263c8f54a70, 0x00000263c8f55eb0, 0x00000263c8f54560,
0x00000263c8f563c0, 0x00000263c8f56de0, 0x00000263c8f53b40, 0x00000263c8f54050,
0x000002640eafe530, 0x000002640eafef50, 0x000002640eaffe80, 0x000002640eb01ce0,
0x000002640eafea40, 0x000002640eb00390, 0x000002640eaff460, 0x000002640eaff970,
0x000002640eb008a0, 0x000002640eb012c0, 0x000002640eb00db0, 0x000002640eb017d0,
0x000002640f2c8590
}

Java Threads: ( => current thread )
=>0x00000263ab8488f0 JavaThread "main" [_thread_in_vm, id=3268, stack(0x000000e196800000,0x000000e196900000)]
  0x00000263c8f3e450 JavaThread "Reference Handler" daemon [_thread_blocked, id=2404, stack(0x000000e196f00000,0x000000e197000000)]
  0x00000263c8f3fe20 JavaThread "Finalizer" daemon [_thread_blocked, id=10512, stack(0x000000e197000000,0x000000e197100000)]
  0x00000263c8f55490 JavaThread "Signal Dispatcher" daemon [_thread_blocked, id=8708, stack(0x000000e197100000,0x000000e197200000)]
  0x00000263c8f559a0 JavaThread "Attach Listener" daemon [_thread_blocked, id=7016, stack(0x000000e197200000,0x000000e197300000)]
  0x00000263c8f572f0 JavaThread "Service Thread" daemon [_thread_blocked, id=4896, stack(0x000000e197300000,0x000000e197400000)]
  0x00000263c8f568d0 JavaThread "Monitor Deflation Thread" daemon [_thread_blocked, id=23788, stack(0x000000e197400000,0x000000e197500000)]
  0x00000263c8f69ec0 JavaThread "C2 CompilerThread0" daemon [_thread_blocked, id=3244, stack(0x000000e197500000,0x000000e197600000)]
  0x00000263c8f80030 JavaThread "C1 CompilerThread0" daemon [_thread_blocked, id=19044, stack(0x000000e197600000,0x000000e197700000)]
  0x00000263c8f54a70 JavaThread "Sweeper thread" daemon [_thread_blocked, id=23916, stack(0x000000e197700000,0x000000e197800000)]
  0x00000263c8f55eb0 JavaThread "Notification Thread" daemon [_thread_blocked, id=21872, stack(0x000000e197800000,0x000000e197900000)]
  0x00000263c8f54560 JavaThread "Common-Cleaner" daemon [_thread_blocked, id=19408, stack(0x000000e197a00000,0x000000e197b00000)]
  0x00000263c8f563c0 JavaThread "ReaderThread" [_thread_in_native, id=17284, stack(0x000000e197d00000,0x000000e197e00000)]
  0x00000263c8f56de0 JavaThread "ForkJoinPool.commonPool-worker-1" daemon [_thread_blocked, id=18668, stack(0x000000e197b00000,0x000000e197c00000)]
  0x00000263c8f53b40 JavaThread "HttpClient-1-SelectorManager" daemon [_thread_in_native, id=20288, stack(0x000000e198300000,0x000000e198400000)]
  0x00000263c8f54050 JavaThread "External Process Output Forwarder - C:\Users\NAYANA\.cache\selenium\chromedriver\win64\153.0.8010.52\chromedriver.exe" daemon [_thread_in_native, id=2604, stack(0x000000e198400000,0x000000e198500000)]
  0x000002640eafe530 JavaThread "Driver Service Executor" daemon [_thread_blocked, id=2860, stack(0x000000e198500000,0x000000e198600000)]
  0x000002640eafef50 JavaThread "Driver Service Executor" daemon [_thread_in_native, id=17572, stack(0x000000e198600000,0x000000e198700000)]
  0x000002640eaffe80 JavaThread "UrlChecker-2" daemon [_thread_blocked, id=20068, stack(0x000000e198700000,0x000000e198800000)]
  0x000002640eb01ce0 JavaThread "Keep-Alive-Timer" daemon [_thread_blocked, id=18320, stack(0x000000e198800000,0x000000e198900000)]
  0x000002640eafea40 JavaThread "JdkHttpClient-0-0" daemon [_thread_blocked, id=7736, stack(0x000000e198900000,0x000000e198a00000)]
  0x000002640eb00390 JavaThread "CompletableFutureDelayScheduler" daemon [_thread_blocked, id=15520, stack(0x000000e198a00000,0x000000e198b00000)]
  0x000002640eaff460 JavaThread "JdkHttpClient-0-1" daemon [_thread_blocked, id=20984, stack(0x000000e198b00000,0x000000e198c00000)]
  0x000002640eaff970 JavaThread "JdkHttpClient-0-2" daemon [_thread_blocked, id=14744, stack(0x000000e198c00000,0x000000e198d00000)]
  0x000002640eb008a0 JavaThread "JdkHttpClient-0-3" daemon [_thread_blocked, id=17256, stack(0x000000e198d00000,0x000000e198e00000)]
  0x000002640eb012c0 JavaThread "HttpClient-2-SelectorManager" daemon [_thread_in_native, id=20084, stack(0x000000e198200000,0x000000e198300000)]
  0x000002640eb00db0 JavaThread "JdkHttpClient-1-0" daemon [_thread_blocked, id=20280, stack(0x000000e198e00000,0x000000e198f00000)]
  0x000002640eb017d0 JavaThread "JdkHttpClient-1-1" daemon [_thread_blocked, id=6808, stack(0x000000e198f00000,0x000000e199000000)]
  0x000002640f2c8590 JavaThread "JdkHttpClient-1-2" daemon [_thread_blocked, id=9184, stack(0x000000e199000000,0x000000e199100000)]

Other Threads:
  0x00000263c8f3af40 VMThread "VM Thread" [stack: 0x000000e196e00000,0x000000e196f00000] [id=17496]
  0x000002640e1e8b00 WatcherThread [stack: 0x000000e197900000,0x000000e197a00000] [id=17740]
  0x00000263ab8a3390 GCTaskThread "GC Thread#0" [stack: 0x000000e196900000,0x000000e196a00000] [id=17040]
  0x000002640ebe6290 GCTaskThread "GC Thread#1" [stack: 0x000000e197e00000,0x000000e197f00000] [id=17596]
  0x000002640ea9d790 GCTaskThread "GC Thread#2" [stack: 0x000000e197f00000,0x000000e198000000] [id=5584]
  0x000002640eb32af0 GCTaskThread "GC Thread#3" [stack: 0x000000e198000000,0x000000e198100000] [id=13340]
  0x00000263ab8b4f10 ConcurrentGCThread "G1 Main Marker" [stack: 0x000000e196a00000,0x000000e196b00000] [id=6724]
  0x00000263ab8b5920 ConcurrentGCThread "G1 Conc#0" [stack: 0x000000e196b00000,0x000000e196c00000] [id=12444]
  0x00000263ab90d350 ConcurrentGCThread "G1 Refine#0" [stack: 0x000000e196c00000,0x000000e196d00000] [id=1680]
  0x000002640eafe1f0 ConcurrentGCThread "G1 Refine#1" [stack: 0x000000e198100000,0x000000e198200000] [id=7440]
  0x00000263ab90dd80 ConcurrentGCThread "G1 Service" [stack: 0x000000e196d00000,0x000000e196e00000] [id=11308]

Threads with active compile tasks:

VM state: not at safepoint (normal execution)

VM Mutex/Monitor currently owned by a thread:  ([mutex/lock_event])
[0x00000263a95ed690] Metaspace_lock - owner thread: 0x00000263ab8488f0

Heap address: 0x0000000084200000, size: 1982 MB, Compressed Oops mode: 32-bit

CDS archive(s) mapped at: [0x00000263c9000000-0x00000263c9bd0000-0x00000263c9bd0000), size 12386304, SharedBaseAddress: 0x00000263c9000000, ArchiveRelocationMode: 1.
Compressed class space mapped at: 0x00000263ca000000-0x000002640a000000, reserved size: 1073741824
Narrow klass base: 0x00000263c9000000, Narrow klass shift: 0, Narrow klass range: 0x100000000

GC Precious Log:
 CPUs: 4 total, 4 available
 Memory: 7926M
 Large Page Support: Disabled
 NUMA Support: Disabled
 Compressed Oops: Enabled (32-bit)
 Heap Region Size: 1M
 Heap Min Capacity: 8M
 Heap Initial Capacity: 124M
 Heap Max Capacity: 1982M
 Pre-touch: Disabled
 Parallel Workers: 4
 Concurrent Workers: 1
 Concurrent Refinement Workers: 4
 Periodic GC: Disabled

Heap:
 garbage-first heap   total 126976K, used 35576K [0x0000000084200000, 0x0000000100000000)
  region size 1024K, 30 young (30720K), 1 survivors (1024K)
 Metaspace       used 18573K, committed 18880K, reserved 1114112K
  class space    used 2269K, committed 2432K, reserved 1048576K

Heap Regions: E=young(eden), S=young(survivor), O=old, HS=humongous(starts), HC=humongous(continues), CS=collection set, F=free, OA=open archive, CA=closed archive, TAMS=top-at-mark-start (previous, next)
|   0|0x0000000084200000, 0x0000000084300000, 0x0000000084300000|100%|HS|  |TAMS 0x0000000084200000, 0x0000000084200000| Complete 
|   1|0x0000000084300000, 0x0000000084400000, 0x0000000084400000|100%| O|  |TAMS 0x0000000084300000, 0x0000000084300000| Untracked 
|   2|0x0000000084400000, 0x0000000084500000, 0x0000000084500000|100%| O|  |TAMS 0x0000000084400000, 0x0000000084400000| Untracked 
|   3|0x0000000084500000, 0x0000000084600000, 0x0000000084600000|100%| O|  |TAMS 0x0000000084500000, 0x0000000084500000| Untracked 
|   4|0x0000000084600000, 0x0000000084700000, 0x0000000084700000|100%| O|  |TAMS 0x0000000084600000, 0x0000000084600000| Untracked 
|   5|0x0000000084700000, 0x0000000084800000, 0x0000000084800000|100%| O|  |TAMS 0x0000000084700000, 0x0000000084700000| Untracked 
|   6|0x0000000084800000, 0x0000000084800000, 0x0000000084900000|  0%| F|  |TAMS 0x0000000084800000, 0x0000000084800000| Untracked 
|   7|0x0000000084900000, 0x0000000084900000, 0x0000000084a00000|  0%| F|  |TAMS 0x0000000084900000, 0x0000000084900000| Untracked 
|   8|0x0000000084a00000, 0x0000000084a00000, 0x0000000084b00000|  0%| F|  |TAMS 0x0000000084a00000, 0x0000000084a00000| Untracked 
|   9|0x0000000084b00000, 0x0000000084b00000, 0x0000000084c00000|  0%| F|  |TAMS 0x0000000084b00000, 0x0000000084b00000| Untracked 
|  10|0x0000000084c00000, 0x0000000084c00000, 0x0000000084d00000|  0%| F|  |TAMS 0x0000000084c00000, 0x0000000084c00000| Untracked 
|  11|0x0000000084d00000, 0x0000000084d00000, 0x0000000084e00000|  0%| F|  |TAMS 0x0000000084d00000, 0x0000000084d00000| Untracked 
|  12|0x0000000084e00000, 0x0000000084e00000, 0x0000000084f00000|  0%| F|  |TAMS 0x0000000084e00000, 0x0000000084e00000| Untracked 
|  13|0x0000000084f00000, 0x0000000084f00000, 0x0000000085000000|  0%| F|  |TAMS 0x0000000084f00000, 0x0000000084f00000| Untracked 
|  14|0x0000000085000000, 0x0000000085000000, 0x0000000085100000|  0%| F|  |TAMS 0x0000000085000000, 0x0000000085000000| Untracked 
|  15|0x0000000085100000, 0x0000000085100000, 0x0000000085200000|  0%| F|  |TAMS 0x0000000085100000, 0x0000000085100000| Untracked 
|  16|0x0000000085200000, 0x0000000085200000, 0x0000000085300000|  0%| F|  |TAMS 0x0000000085200000, 0x0000000085200000| Untracked 
|  17|0x0000000085300000, 0x0000000085300000, 0x0000000085400000|  0%| F|  |TAMS 0x0000000085300000, 0x0000000085300000| Untracked 
|  18|0x0000000085400000, 0x0000000085400000, 0x0000000085500000|  0%| F|  |TAMS 0x0000000085400000, 0x0000000085400000| Untracked 
|  19|0x0000000085500000, 0x0000000085500000, 0x0000000085600000|  0%| F|  |TAMS 0x0000000085500000, 0x0000000085500000| Untracked 
|  20|0x0000000085600000, 0x0000000085600000, 0x0000000085700000|  0%| F|  |TAMS 0x0000000085600000, 0x0000000085600000| Untracked 
|  21|0x0000000085700000, 0x0000000085700000, 0x0000000085800000|  0%| F|  |TAMS 0x0000000085700000, 0x0000000085700000| Untracked 
|  22|0x0000000085800000, 0x0000000085800000, 0x0000000085900000|  0%| F|  |TAMS 0x0000000085800000, 0x0000000085800000| Untracked 
|  23|0x0000000085900000, 0x0000000085900000, 0x0000000085a00000|  0%| F|  |TAMS 0x0000000085900000, 0x0000000085900000| Untracked 
|  24|0x0000000085a00000, 0x0000000085a00000, 0x0000000085b00000|  0%| F|  |TAMS 0x0000000085a00000, 0x0000000085a00000| Untracked 
|  25|0x0000000085b00000, 0x0000000085b00000, 0x0000000085c00000|  0%| F|  |TAMS 0x0000000085b00000, 0x0000000085b00000| Untracked 
|  26|0x0000000085c00000, 0x0000000085c00000, 0x0000000085d00000|  0%| F|  |TAMS 0x0000000085c00000, 0x0000000085c00000| Untracked 
|  27|0x0000000085d00000, 0x0000000085d00000, 0x0000000085e00000|  0%| F|  |TAMS 0x0000000085d00000, 0x0000000085d00000| Untracked 
|  28|0x0000000085e00000, 0x0000000085e00000, 0x0000000085f00000|  0%| F|  |TAMS 0x0000000085e00000, 0x0000000085e00000| Untracked 
|  29|0x0000000085f00000, 0x0000000085f00000, 0x0000000086000000|  0%| F|  |TAMS 0x0000000085f00000, 0x0000000085f00000| Untracked 
|  30|0x0000000086000000, 0x0000000086000000, 0x0000000086100000|  0%| F|  |TAMS 0x0000000086000000, 0x0000000086000000| Untracked 
|  31|0x0000000086100000, 0x0000000086100000, 0x0000000086200000|  0%| F|  |TAMS 0x0000000086100000, 0x0000000086100000| Untracked 
|  32|0x0000000086200000, 0x0000000086200000, 0x0000000086300000|  0%| F|  |TAMS 0x0000000086200000, 0x0000000086200000| Untracked 
|  33|0x0000000086300000, 0x0000000086300000, 0x0000000086400000|  0%| F|  |TAMS 0x0000000086300000, 0x0000000086300000| Untracked 
|  34|0x0000000086400000, 0x0000000086400000, 0x0000000086500000|  0%| F|  |TAMS 0x0000000086400000, 0x0000000086400000| Untracked 
|  35|0x0000000086500000, 0x0000000086500000, 0x0000000086600000|  0%| F|  |TAMS 0x0000000086500000, 0x0000000086500000| Untracked 
|  36|0x0000000086600000, 0x0000000086600000, 0x0000000086700000|  0%| F|  |TAMS 0x0000000086600000, 0x0000000086600000| Untracked 
|  37|0x0000000086700000, 0x0000000086700000, 0x0000000086800000|  0%| F|  |TAMS 0x0000000086700000, 0x0000000086700000| Untracked 
|  38|0x0000000086800000, 0x0000000086800000, 0x0000000086900000|  0%| F|  |TAMS 0x0000000086800000, 0x0000000086800000| Untracked 
|  39|0x0000000086900000, 0x0000000086900000, 0x0000000086a00000|  0%| F|  |TAMS 0x0000000086900000, 0x0000000086900000| Untracked 
|  40|0x0000000086a00000, 0x0000000086a00000, 0x0000000086b00000|  0%| F|  |TAMS 0x0000000086a00000, 0x0000000086a00000| Untracked 
|  41|0x0000000086b00000, 0x0000000086b00000, 0x0000000086c00000|  0%| F|  |TAMS 0x0000000086b00000, 0x0000000086b00000| Untracked 
|  42|0x0000000086c00000, 0x0000000086c00000, 0x0000000086d00000|  0%| F|  |TAMS 0x0000000086c00000, 0x0000000086c00000| Untracked 
|  43|0x0000000086d00000, 0x0000000086d00000, 0x0000000086e00000|  0%| F|  |TAMS 0x0000000086d00000, 0x0000000086d00000| Untracked 
|  44|0x0000000086e00000, 0x0000000086e00000, 0x0000000086f00000|  0%| F|  |TAMS 0x0000000086e00000, 0x0000000086e00000| Untracked 
|  45|0x0000000086f00000, 0x0000000086f00000, 0x0000000087000000|  0%| F|  |TAMS 0x0000000086f00000, 0x0000000086f00000| Untracked 
|  46|0x0000000087000000, 0x0000000087000000, 0x0000000087100000|  0%| F|  |TAMS 0x0000000087000000, 0x0000000087000000| Untracked 
|  47|0x0000000087100000, 0x0000000087100000, 0x0000000087200000|  0%| F|  |TAMS 0x0000000087100000, 0x0000000087100000| Untracked 
|  48|0x0000000087200000, 0x0000000087200000, 0x0000000087300000|  0%| F|  |TAMS 0x0000000087200000, 0x0000000087200000| Untracked 
|  49|0x0000000087300000, 0x0000000087300000, 0x0000000087400000|  0%| F|  |TAMS 0x0000000087300000, 0x0000000087300000| Untracked 
|  50|0x0000000087400000, 0x0000000087400000, 0x0000000087500000|  0%| F|  |TAMS 0x0000000087400000, 0x0000000087400000| Untracked 
|  51|0x0000000087500000, 0x0000000087500000, 0x0000000087600000|  0%| F|  |TAMS 0x0000000087500000, 0x0000000087500000| Untracked 
|  52|0x0000000087600000, 0x0000000087600000, 0x0000000087700000|  0%| F|  |TAMS 0x0000000087600000, 0x0000000087600000| Untracked 
|  53|0x0000000087700000, 0x0000000087700000, 0x0000000087800000|  0%| F|  |TAMS 0x0000000087700000, 0x0000000087700000| Untracked 
|  54|0x0000000087800000, 0x0000000087800000, 0x0000000087900000|  0%| F|  |TAMS 0x0000000087800000, 0x0000000087800000| Untracked 
|  55|0x0000000087900000, 0x0000000087900000, 0x0000000087a00000|  0%| F|  |TAMS 0x0000000087900000, 0x0000000087900000| Untracked 
|  56|0x0000000087a00000, 0x0000000087a00000, 0x0000000087b00000|  0%| F|  |TAMS 0x0000000087a00000, 0x0000000087a00000| Untracked 
|  57|0x0000000087b00000, 0x0000000087b00000, 0x0000000087c00000|  0%| F|  |TAMS 0x0000000087b00000, 0x0000000087b00000| Untracked 
|  58|0x0000000087c00000, 0x0000000087c00000, 0x0000000087d00000|  0%| F|  |TAMS 0x0000000087c00000, 0x0000000087c00000| Untracked 
|  59|0x0000000087d00000, 0x0000000087d00000, 0x0000000087e00000|  0%| F|  |TAMS 0x0000000087d00000, 0x0000000087d00000| Untracked 
|  60|0x0000000087e00000, 0x0000000087e00000, 0x0000000087f00000|  0%| F|  |TAMS 0x0000000087e00000, 0x0000000087e00000| Untracked 
|  61|0x0000000087f00000, 0x0000000087f00000, 0x0000000088000000|  0%| F|  |TAMS 0x0000000087f00000, 0x0000000087f00000| Untracked 
|  62|0x0000000088000000, 0x0000000088000000, 0x0000000088100000|  0%| F|  |TAMS 0x0000000088000000, 0x0000000088000000| Untracked 
|  63|0x0000000088100000, 0x0000000088100000, 0x0000000088200000|  0%| F|  |TAMS 0x0000000088100000, 0x0000000088100000| Untracked 
|  64|0x0000000088200000, 0x0000000088200000, 0x0000000088300000|  0%| F|  |TAMS 0x0000000088200000, 0x0000000088200000| Untracked 
|  65|0x0000000088300000, 0x0000000088300000, 0x0000000088400000|  0%| F|  |TAMS 0x0000000088300000, 0x0000000088300000| Untracked 
|  66|0x0000000088400000, 0x0000000088400000, 0x0000000088500000|  0%| F|  |TAMS 0x0000000088400000, 0x0000000088400000| Untracked 
|  67|0x0000000088500000, 0x0000000088500000, 0x0000000088600000|  0%| F|  |TAMS 0x0000000088500000, 0x0000000088500000| Untracked 
|  68|0x0000000088600000, 0x0000000088600000, 0x0000000088700000|  0%| F|  |TAMS 0x0000000088600000, 0x0000000088600000| Untracked 
|  69|0x0000000088700000, 0x0000000088700000, 0x0000000088800000|  0%| F|  |TAMS 0x0000000088700000, 0x0000000088700000| Untracked 
|  70|0x0000000088800000, 0x0000000088800000, 0x0000000088900000|  0%| F|  |TAMS 0x0000000088800000, 0x0000000088800000| Untracked 
|  71|0x0000000088900000, 0x0000000088900000, 0x0000000088a00000|  0%| F|  |TAMS 0x0000000088900000, 0x0000000088900000| Untracked 
|  72|0x0000000088a00000, 0x0000000088a00000, 0x0000000088b00000|  0%| F|  |TAMS 0x0000000088a00000, 0x0000000088a00000| Untracked 
|  73|0x0000000088b00000, 0x0000000088b00000, 0x0000000088c00000|  0%| F|  |TAMS 0x0000000088b00000, 0x0000000088b00000| Untracked 
|  74|0x0000000088c00000, 0x0000000088c00000, 0x0000000088d00000|  0%| F|  |TAMS 0x0000000088c00000, 0x0000000088c00000| Untracked 
|  75|0x0000000088d00000, 0x0000000088d00000, 0x0000000088e00000|  0%| F|  |TAMS 0x0000000088d00000, 0x0000000088d00000| Untracked 
|  76|0x0000000088e00000, 0x0000000088e00000, 0x0000000088f00000|  0%| F|  |TAMS 0x0000000088e00000, 0x0000000088e00000| Untracked 
|  77|0x0000000088f00000, 0x0000000088f00000, 0x0000000089000000|  0%| F|  |TAMS 0x0000000088f00000, 0x0000000088f00000| Untracked 
|  78|0x0000000089000000, 0x0000000089000000, 0x0000000089100000|  0%| F|  |TAMS 0x0000000089000000, 0x0000000089000000| Untracked 
|  79|0x0000000089100000, 0x0000000089100000, 0x0000000089200000|  0%| F|  |TAMS 0x0000000089100000, 0x0000000089100000| Untracked 
|  80|0x0000000089200000, 0x0000000089200000, 0x0000000089300000|  0%| F|  |TAMS 0x0000000089200000, 0x0000000089200000| Untracked 
|  81|0x0000000089300000, 0x0000000089300000, 0x0000000089400000|  0%| F|  |TAMS 0x0000000089300000, 0x0000000089300000| Untracked 
|  82|0x0000000089400000, 0x0000000089400000, 0x0000000089500000|  0%| F|  |TAMS 0x0000000089400000, 0x0000000089400000| Untracked 
|  83|0x0000000089500000, 0x0000000089500000, 0x0000000089600000|  0%| F|  |TAMS 0x0000000089500000, 0x0000000089500000| Untracked 
|  84|0x0000000089600000, 0x0000000089600000, 0x0000000089700000|  0%| F|  |TAMS 0x0000000089600000, 0x0000000089600000| Untracked 
|  85|0x0000000089700000, 0x0000000089700000, 0x0000000089800000|  0%| F|  |TAMS 0x0000000089700000, 0x0000000089700000| Untracked 
|  86|0x0000000089800000, 0x0000000089800000, 0x0000000089900000|  0%| F|  |TAMS 0x0000000089800000, 0x0000000089800000| Untracked 
|  87|0x0000000089900000, 0x0000000089900000, 0x0000000089a00000|  0%| F|  |TAMS 0x0000000089900000, 0x0000000089900000| Untracked 
|  88|0x0000000089a00000, 0x0000000089a00000, 0x0000000089b00000|  0%| F|  |TAMS 0x0000000089a00000, 0x0000000089a00000| Untracked 
|  89|0x0000000089b00000, 0x0000000089b00000, 0x0000000089c00000|  0%| F|  |TAMS 0x0000000089b00000, 0x0000000089b00000| Untracked 
|  90|0x0000000089c00000, 0x0000000089c00000, 0x0000000089d00000|  0%| F|  |TAMS 0x0000000089c00000, 0x0000000089c00000| Untracked 
|  91|0x0000000089d00000, 0x0000000089d00000, 0x0000000089e00000|  0%| F|  |TAMS 0x0000000089d00000, 0x0000000089d00000| Untracked 
|  92|0x0000000089e00000, 0x0000000089e00000, 0x0000000089f00000|  0%| F|  |TAMS 0x0000000089e00000, 0x0000000089e00000| Untracked 
|  93|0x0000000089f00000, 0x0000000089f00000, 0x000000008a000000|  0%| F|  |TAMS 0x0000000089f00000, 0x0000000089f00000| Untracked 
|  94|0x000000008a000000, 0x000000008a082188, 0x000000008a100000| 50%| E|  |TAMS 0x000000008a000000, 0x000000008a000000| Complete 
|  95|0x000000008a100000, 0x000000008a200000, 0x000000008a200000|100%| E|CS|TAMS 0x000000008a100000, 0x000000008a100000| Complete 
|  96|0x000000008a200000, 0x000000008a300000, 0x000000008a300000|100%| E|CS|TAMS 0x000000008a200000, 0x000000008a200000| Complete 
|  97|0x000000008a300000, 0x000000008a400000, 0x000000008a400000|100%| E|CS|TAMS 0x000000008a300000, 0x000000008a300000| Complete 
|  98|0x000000008a400000, 0x000000008a500000, 0x000000008a500000|100%| E|CS|TAMS 0x000000008a400000, 0x000000008a400000| Complete 
|  99|0x000000008a500000, 0x000000008a600000, 0x000000008a600000|100%| E|CS|TAMS 0x000000008a500000, 0x000000008a500000| Complete 
| 100|0x000000008a600000, 0x000000008a700000, 0x000000008a700000|100%| E|CS|TAMS 0x000000008a600000, 0x000000008a600000| Complete 
| 101|0x000000008a700000, 0x000000008a800000, 0x000000008a800000|100%| E|CS|TAMS 0x000000008a700000, 0x000000008a700000| Complete 
| 102|0x000000008a800000, 0x000000008a900000, 0x000000008a900000|100%| E|CS|TAMS 0x000000008a800000, 0x000000008a800000| Complete 
| 103|0x000000008a900000, 0x000000008aa00000, 0x000000008aa00000|100%| E|CS|TAMS 0x000000008a900000, 0x000000008a900000| Complete 
| 104|0x000000008aa00000, 0x000000008ab00000, 0x000000008ab00000|100%| E|CS|TAMS 0x000000008aa00000, 0x000000008aa00000| Complete 
| 105|0x000000008ab00000, 0x000000008ac00000, 0x000000008ac00000|100%| E|CS|TAMS 0x000000008ab00000, 0x000000008ab00000| Complete 
| 106|0x000000008ac00000, 0x000000008ad00000, 0x000000008ad00000|100%| E|CS|TAMS 0x000000008ac00000, 0x000000008ac00000| Complete 
| 107|0x000000008ad00000, 0x000000008ae00000, 0x000000008ae00000|100%| E|CS|TAMS 0x000000008ad00000, 0x000000008ad00000| Complete 
| 108|0x000000008ae00000, 0x000000008af00000, 0x000000008af00000|100%| E|CS|TAMS 0x000000008ae00000, 0x000000008ae00000| Complete 
| 109|0x000000008af00000, 0x000000008b000000, 0x000000008b000000|100%| E|CS|TAMS 0x000000008af00000, 0x000000008af00000| Complete 
| 110|0x000000008b000000, 0x000000008b100000, 0x000000008b100000|100%| E|CS|TAMS 0x000000008b000000, 0x000000008b000000| Complete 
| 111|0x000000008b100000, 0x000000008b200000, 0x000000008b200000|100%| E|CS|TAMS 0x000000008b100000, 0x000000008b100000| Complete 
| 112|0x000000008b200000, 0x000000008b2be120, 0x000000008b300000| 74%| S|CS|TAMS 0x000000008b200000, 0x000000008b200000| Complete 
| 113|0x000000008b300000, 0x000000008b400000, 0x000000008b400000|100%| E|CS|TAMS 0x000000008b300000, 0x000000008b300000| Complete 
| 114|0x000000008b400000, 0x000000008b500000, 0x000000008b500000|100%| E|CS|TAMS 0x000000008b400000, 0x000000008b400000| Complete 
| 115|0x000000008b500000, 0x000000008b600000, 0x000000008b600000|100%| E|CS|TAMS 0x000000008b500000, 0x000000008b500000| Complete 
| 116|0x000000008b600000, 0x000000008b700000, 0x000000008b700000|100%| E|CS|TAMS 0x000000008b600000, 0x000000008b600000| Complete 
| 117|0x000000008b700000, 0x000000008b800000, 0x000000008b800000|100%| E|CS|TAMS 0x000000008b700000, 0x000000008b700000| Complete 
| 118|0x000000008b800000, 0x000000008b900000, 0x000000008b900000|100%| E|CS|TAMS 0x000000008b800000, 0x000000008b800000| Complete 
| 119|0x000000008b900000, 0x000000008ba00000, 0x000000008ba00000|100%| E|CS|TAMS 0x000000008b900000, 0x000000008b900000| Complete 
| 120|0x000000008ba00000, 0x000000008bb00000, 0x000000008bb00000|100%| E|CS|TAMS 0x000000008ba00000, 0x000000008ba00000| Complete 
| 121|0x000000008bb00000, 0x000000008bc00000, 0x000000008bc00000|100%| E|CS|TAMS 0x000000008bb00000, 0x000000008bb00000| Complete 
| 122|0x000000008bc00000, 0x000000008bd00000, 0x000000008bd00000|100%| E|CS|TAMS 0x000000008bc00000, 0x000000008bc00000| Complete 
| 123|0x000000008bd00000, 0x000000008be00000, 0x000000008be00000|100%| E|CS|TAMS 0x000000008bd00000, 0x000000008bd00000| Complete 

Card table byte_map: [0x00000263c24e0000,0x00000263c28c0000] _byte_map_base: 0x00000263c20bf000

Marking Bits (Prev, Next): (CMBitMap*) 0x00000263ab8a39b0, (CMBitMap*) 0x00000263ab8a39f0
 Prev Bits: [0x00000263c2ca0000, 0x00000263c4b98000)
 Next Bits: [0x00000263c4ba0000, 0x00000263c6a98000)

Polling page: 0x00000263a94d0000

Metaspace:

Usage:
  Non-class:     15.92 MB used.
      Class:      2.22 MB used.
       Both:     18.14 MB used.

Virtual space:
  Non-class space:       64.00 MB reserved,      16.06 MB ( 25%) committed,  1 nodes.
      Class space:        1.00 GB reserved,       2.38 MB ( <1%) committed,  1 nodes.
             Both:        1.06 GB reserved,      18.44 MB (  2%) committed. 

Chunk freelists:
   Non-Class:  15.86 MB
       Class:  13.67 MB
        Both:  29.53 MB

MaxMetaspaceSize: unlimited
CompressedClassSpaceSize: 1.00 GB
Initial GC threshold: 21.00 MB
Current GC threshold: 21.00 MB
CDS: on
MetaspaceReclaimPolicy: balanced
 - commit_granule_bytes: 65536.
 - commit_granule_words: 8192.
 - virtual_space_node_default_size: 8388608.
 - enlarge_chunks_in_place: 1.
 - new_chunks_are_fully_committed: 0.
 - uncommit_free_chunks: 1.
 - use_allocation_guard: 0.
 - handle_deallocations: 1.


Internal statistics:

num_allocs_failed_limit: 0.
num_arena_births: 368.
num_arena_deaths: 0.
num_vsnodes_births: 2.
num_vsnodes_deaths: 0.
num_space_committed: 295.
num_space_uncommitted: 0.
num_chunks_returned_to_freelist: 0.
num_chunks_taken_from_freelist: 859.
num_chunk_merges: 0.
num_chunk_splits: 539.
num_chunks_enlarged: 364.
num_inconsistent_stats: 0.

CodeHeap 'non-profiled nmethods': size=120000Kb used=843Kb max_used=843Kb free=119156Kb
 bounds [0x00000263babd0000, 0x00000263bae40000, 0x00000263c2100000]
CodeHeap 'profiled nmethods': size=120000Kb used=4201Kb max_used=4201Kb free=115798Kb
 bounds [0x00000263b3100000, 0x00000263b3520000, 0x00000263ba630000]
CodeHeap 'non-nmethods': size=5760Kb used=1253Kb max_used=1279Kb free=4506Kb
 bounds [0x00000263ba630000, 0x00000263ba8a0000, 0x00000263babd0000]
 total_blobs=2694 nmethods=2145 adapters=461
 compilation: enabled
              stopped_count=0, restarted_count=0
 full_count=0

Compilation events (20 events):
Event: 4.367 Thread 0x00000263c8f80030 2138       3       java.lang.ProcessEnvironment$NameComparator::compare (13 bytes)
Event: 4.367 Thread 0x00000263c8f80030 nmethod 2138 0x00000263b3513b90 code [0x00000263b3513d40, 0x00000263b3514068]
Event: 4.367 Thread 0x00000263c8f80030 2139       3       java.lang.ProcessEnvironment$NameComparator::compare (90 bytes)
Event: 4.369 Thread 0x00000263c8f80030 nmethod 2139 0x00000263b3514190 code [0x00000263b35144a0, 0x00000263b35156d8]
Event: 4.369 Thread 0x00000263c8f80030 2140       3       java.util.regex.Pattern$GroupTail::match (111 bytes)
Event: 4.370 Thread 0x00000263c8f80030 nmethod 2140 0x00000263b3515f90 code [0x00000263b3516160, 0x00000263b3516528]
Event: 4.370 Thread 0x00000263c8f80030 2141       3       java.util.regex.Pattern$$Lambda$21/0x80000002a::is (13 bytes)
Event: 4.370 Thread 0x00000263c8f80030 nmethod 2141 0x00000263b3516710 code [0x00000263b35168c0, 0x00000263b3516b18]
Event: 4.370 Thread 0x00000263c8f80030 2142       3       java.util.regex.Pattern::lambda$Range$10 (7 bytes)
Event: 4.371 Thread 0x00000263c8f80030 nmethod 2142 0x00000263b3516c10 code [0x00000263b3516da0, 0x00000263b3516f78]
Event: 4.371 Thread 0x00000263c8f80030 2143       3       java.util.regex.Pattern::inRange (16 bytes)
Event: 4.371 Thread 0x00000263c8f80030 nmethod 2143 0x00000263b3517010 code [0x00000263b35171a0, 0x00000263b3517318]
Event: 4.379 Thread 0x00000263c8f80030 2144       3       java.util.regex.Pattern$BranchConn::match (11 bytes)
Event: 4.380 Thread 0x00000263c8f80030 nmethod 2144 0x00000263b3517390 code [0x00000263b3517540, 0x00000263b3517708]
Event: 4.395 Thread 0x00000263c8f80030 2145       3       java.lang.StringBuilder::append (8 bytes)
Event: 4.395 Thread 0x00000263c8f80030 nmethod 2145 0x00000263b3517810 code [0x00000263b35179a0, 0x00000263b3517ae8]
Event: 4.399 Thread 0x00000263c8f80030 2146       3       java.util.regex.Pattern::unread (11 bytes)
Event: 4.399 Thread 0x00000263c8f80030 nmethod 2146 0x00000263b3517b90 code [0x00000263b3517d20, 0x00000263b3517e38]
Event: 4.400 Thread 0x00000263c8f80030 2147       3       java.util.regex.Pattern::range (294 bytes)
Event: 4.403 Thread 0x00000263c8f80030 nmethod 2147 0x00000263b3517f10 code [0x00000263b3518340, 0x00000263b3519bb8]

GC Heap History (4 events):
Event: 0.839 GC heap before
{Heap before GC invocations=0 (full 0):
 garbage-first heap   total 126976K, used 13312K [0x0000000084200000, 0x0000000100000000)
  region size 1024K, 13 young (13312K), 0 survivors (0K)
 Metaspace       used 5106K, committed 5248K, reserved 1114112K
  class space    used 553K, committed 640K, reserved 1048576K
}
Event: 0.845 GC heap after
{Heap after GC invocations=1 (full 0):
 garbage-first heap   total 126976K, used 6184K [0x0000000084200000, 0x0000000100000000)
  region size 1024K, 2 young (2048K), 2 survivors (2048K)
 Metaspace       used 5106K, committed 5248K, reserved 1114112K
  class space    used 553K, committed 640K, reserved 1048576K
}
Event: 1.177 GC heap before
{Heap before GC invocations=1 (full 0):
 garbage-first heap   total 126976K, used 16424K [0x0000000084200000, 0x0000000100000000)
  region size 1024K, 13 young (13312K), 2 survivors (2048K)
 Metaspace       used 7921K, committed 8192K, reserved 1114112K
  class space    used 941K, committed 1088K, reserved 1048576K
}
Event: 1.181 GC heap after
{Heap after GC invocations=2 (full 0):
 garbage-first heap   total 126976K, used 6904K [0x0000000084200000, 0x0000000100000000)
  region size 1024K, 1 young (1024K), 1 survivors (1024K)
 Metaspace       used 7921K, committed 8192K, reserved 1114112K
  class space    used 941K, committed 1088K, reserved 1048576K
}

Deoptimization events (20 events):
Event: 1.676 Thread 0x00000263ab8488f0 DEOPT PACKING pc=0x00000263b340d03e sp=0x000000e1968fb250
Event: 1.677 Thread 0x00000263ab8488f0 DEOPT UNPACKING pc=0x00000263ba6866e3 sp=0x000000e1968fa6d0 mode 0
Event: 1.677 Thread 0x00000263ab8488f0 DEOPT PACKING pc=0x00000263b340d03e sp=0x000000e1968fb270
Event: 1.677 Thread 0x00000263ab8488f0 DEOPT UNPACKING pc=0x00000263ba6866e3 sp=0x000000e1968fa6f0 mode 0
Event: 1.723 Thread 0x00000263ab8488f0 Uncommon trap: trap_request=0xffffff45 fr.pc=0x00000263bac64618 relative=0x0000000000000218
Event: 1.723 Thread 0x00000263ab8488f0 Uncommon trap: reason=unstable_if action=reinterpret pc=0x00000263bac64618 method=java.util.HashMap.putVal(ILjava/lang/Object;Ljava/lang/Object;ZZ)Ljava/lang/Object; @ 162 c2
Event: 1.723 Thread 0x00000263ab8488f0 DEOPT PACKING pc=0x00000263bac64618 sp=0x000000e1968f9e50
Event: 1.723 Thread 0x00000263ab8488f0 DEOPT UNPACKING pc=0x00000263ba685ba3 sp=0x000000e1968f9d78 mode 2
Event: 3.371 Thread 0x00000263ab8488f0 Uncommon trap: trap_request=0xffffff45 fr.pc=0x00000263bac5391c relative=0x0000000000000efc
Event: 3.371 Thread 0x00000263ab8488f0 Uncommon trap: reason=unstable_if action=reinterpret pc=0x00000263bac5391c method=java.util.concurrent.ConcurrentHashMap.putVal(Ljava/lang/Object;Ljava/lang/Object;Z)Ljava/lang/Object; @ 231 c2
Event: 3.371 Thread 0x00000263ab8488f0 DEOPT PACKING pc=0x00000263bac5391c sp=0x000000e1968fd2a0
Event: 3.371 Thread 0x00000263ab8488f0 DEOPT UNPACKING pc=0x00000263ba685ba3 sp=0x000000e1968fd210 mode 2
Event: 4.041 Thread 0x00000263ab8488f0 DEOPT PACKING pc=0x00000263b313f8d4 sp=0x000000e1968f9470
Event: 4.041 Thread 0x00000263ab8488f0 DEOPT UNPACKING pc=0x00000263ba6866e3 sp=0x000000e1968f8930 mode 0
Event: 4.067 Thread 0x00000263ab8488f0 DEOPT PACKING pc=0x00000263b3139268 sp=0x000000e1968f8730
Event: 4.067 Thread 0x00000263ab8488f0 DEOPT UNPACKING pc=0x00000263ba6866e3 sp=0x000000e1968f7bc0 mode 0
Event: 4.269 Thread 0x00000263ab8488f0 Uncommon trap: trap_request=0xffffff54 fr.pc=0x00000263bac19c58 relative=0x0000000000001498
Event: 4.269 Thread 0x00000263ab8488f0 Uncommon trap: reason=speculate_null_assert action=make_not_entrant pc=0x00000263bac19c58 method=java.util.jar.JarFile.getVersionedEntry(Ljava/lang/String;Ljava/util/jar/JarEntry;)Ljava/util/jar/JarEntry; @ 115 c2
Event: 4.269 Thread 0x00000263ab8488f0 DEOPT PACKING pc=0x00000263bac19c58 sp=0x000000e1968fa910
Event: 4.269 Thread 0x00000263ab8488f0 DEOPT UNPACKING pc=0x00000263ba685ba3 sp=0x000000e1968fa888 mode 2

Classes unloaded (0 events):
No events

Classes redefined (0 events):
No events

Internal exceptions (20 events):
Event: 1.818 Thread 0x000002640eaffe80 Exception <a 'java/net/SocketException'{0x000000008af3a330}: Socket is not connected: shutdown> (0x000000008af3a330) 
thrown [s\open\src\hotspot\share\prims\jni.cpp, line 535]
Event: 1.832 Thread 0x000002640eaffe80 Exception <a 'java/net/ConnectException'{0x000000008af3b2a8}: Connection refused: no further information> (0x000000008af3b2a8) 
thrown [s\open\src\hotspot\share\prims\jni.cpp, line 535]
Event: 1.832 Thread 0x000002640eaffe80 Exception <a 'java/net/SocketException'{0x000000008af3b5e0}: Socket is not connected: shutdown> (0x000000008af3b5e0) 
thrown [s\open\src\hotspot\share\prims\jni.cpp, line 535]
Event: 1.869 Thread 0x000002640eaffe80 Exception <a 'java/net/ConnectException'{0x000000008af3c488}: Connection refused: no further information> (0x000000008af3c488) 
thrown [s\open\src\hotspot\share\prims\jni.cpp, line 535]
Event: 1.869 Thread 0x000002640eaffe80 Exception <a 'java/net/SocketException'{0x000000008af3c7c0}: Socket is not connected: shutdown> (0x000000008af3c7c0) 
thrown [s\open\src\hotspot\share\prims\jni.cpp, line 535]
Event: 1.954 Thread 0x00000263ab8488f0 Exception <a 'java/lang/NoSuchMethodError'{0x000000008ae48c08}: 'java.lang.Object java.lang.invoke.DirectMethodHandle$Holder.newInvokeSpecial(java.lang.Object, java.lang.Object, int, int)'> (0x000000008ae48c08) 
thrown [s\open\src\hotspot\share\interpreter\linkResolver.cpp, line 759]
Event: 1.954 Thread 0x00000263ab8488f0 Exception <a 'java/lang/NoSuchMethodError'{0x000000008ae53910}: 'void java.lang.invoke.DirectMethodHandle$Holder.invokeStatic(java.lang.Object, java.lang.Object, int)'> (0x000000008ae53910) 
thrown [s\open\src\hotspot\share\interpreter\linkResolver.cpp, line 759]
Event: 1.991 Thread 0x000002640eafea40 Exception <a 'java/lang/NoSuchMethodError'{0x000000008adbb630}: 'java.lang.Object java.lang.invoke.DirectMethodHandle$Holder.invokeSpecial(java.lang.Object, java.lang.Object, java.lang.Object, java.lang.Object, int)'> (0x000000008adbb630) 
thrown [s\open\src\hotspot\share\interpreter\linkResolver.cpp, line 759]
Event: 1.991 Thread 0x000002640eafea40 Exception <a 'java/lang/NoSuchMethodError'{0x000000008adbf1f8}: 'java.lang.Object java.lang.invoke.Invokers$Holder.linkToTargetMethod(java.lang.Object, java.lang.Object, int, java.lang.Object)'> (0x000000008adbf1f8) 
thrown [s\open\src\hotspot\share\interpreter\linkResolver.cpp, line 759]
Event: 2.007 Thread 0x000002640eafea40 Exception <a 'java/lang/NoSuchMethodError'{0x000000008ac0e1f0}: 'void java.lang.invoke.DirectMethodHandle$Holder.invokeSpecial(java.lang.Object, java.lang.Object, java.lang.Object, java.lang.Object, java.lang.Object)'> (0x000000008ac0e1f0) 
thrown [s\open\src\hotspot\share\interpreter\linkResolver.cpp, line 759]
Event: 2.022 Thread 0x000002640eaff460 Exception <a 'java/lang/NoSuchMethodError'{0x000000008ac69888}: 'int java.lang.invoke.DirectMethodHandle$Holder.invokeSpecialIFC(java.lang.Object, java.lang.Object, java.lang.Object, java.lang.Object, java.lang.Object)'> (0x000000008ac69888) 
thrown [s\open\src\hotspot\share\interpreter\linkResolver.cpp, line 759]
Event: 3.169 Thread 0x000002640eaff460 Exception <a 'java/lang/NoSuchMethodError'{0x000000008ab275a8}: 'java.lang.Object java.lang.invoke.DirectMethodHandle$Holder.newInvokeSpecial(java.lang.Object, java.lang.Object, long, java.lang.Object, java.lang.Object, java.lang.Object)'> (0x000000008ab275a8) 
thrown [s\open\src\hotspot\share\interpreter\linkResolver.cpp, line 759]
Event: 3.173 Thread 0x000002640eaff460 Exception <a 'java/lang/NoSuchMethodError'{0x000000008ab3fc58}: 'void java.lang.invoke.DirectMethodHandle$Holder.invokeSpecial(java.lang.Object, java.lang.Object, java.lang.Object, java.lang.Object, java.lang.Object, java.lang.Object, java.lang.Object)'> (0x000000008ab3fc58) 
thrown [s\open\src\hotspot\share\interpreter\linkResolver.cpp, line 759]
Event: 3.317 Thread 0x00000263ab8488f0 Exception <a 'java/lang/NoSuchMethodError'{0x000000008abc6e10}: 'java.lang.Object java.lang.invoke.DirectMethodHandle$Holder.invokeSpecialIFC(java.lang.Object, java.lang.Object, java.lang.Object)'> (0x000000008abc6e10) 
thrown [s\open\src\hotspot\share\interpreter\linkResolver.cpp, line 759]
Event: 3.562 Thread 0x00000263ab8488f0 Exception <a 'java/lang/ClassNotFoundException'{0x000000008a772f58}: sun/util/logging/resources/spi/loggingProvider> (0x000000008a772f58) 
thrown [s\open\src\hotspot\share\classfile\systemDictionary.cpp, line 256]
Event: 4.257 Thread 0x00000263ab8488f0 Exception <a 'java/lang/NoSuchMethodError'{0x000000008a4f3738}: 'int java.lang.invoke.DirectMethodHandle$Holder.invokeStatic(java.lang.Object, java.lang.Object, int)'> (0x000000008a4f3738) 
thrown [s\open\src\hotspot\share\interpreter\linkResolver.cpp, line 759]
Event: 4.271 Thread 0x00000263ab8488f0 Exception <a 'java/lang/NoSuchMethodError'{0x000000008a3373c0}: 'java.lang.Object java.lang.invoke.DirectMethodHandle$Holder.invokeStatic(java.lang.Object, int, java.lang.Object)'> (0x000000008a3373c0) 
thrown [s\open\src\hotspot\share\interpreter\linkResolver.cpp, line 759]
Event: 4.284 Thread 0x00000263ab8488f0 Exception <a 'java/lang/NoSuchMethodError'{0x000000008a365598}: 'int java.lang.invoke.DirectMethodHandle$Holder.invokeStatic(java.lang.Object)'> (0x000000008a365598) 
thrown [s\open\src\hotspot\share\interpreter\linkResolver.cpp, line 759]
Event: 4.284 Thread 0x00000263ab8488f0 Exception <a 'java/lang/NoSuchMethodError'{0x000000008a368c40}: 'int java.lang.invoke.DirectMethodHandle$Holder.invokeStaticInit(java.lang.Object)'> (0x000000008a368c40) 
thrown [s\open\src\hotspot\share\interpreter\linkResolver.cpp, line 759]
Event: 4.418 Thread 0x00000263ab8488f0 Exception <a 'java/lang/NoSuchMethodError'{0x000000008a1bcfd0}: 'void java.lang.invoke.DirectMethodHandle$Holder.invokeStaticInit(java.lang.Object)'> (0x000000008a1bcfd0) 
thrown [s\open\src\hotspot\share\interpreter\linkResolver.cpp, line 759]

VM Operations (20 events):
Event: 1.221 Executing VM operation: HandshakeAllThreads
Event: 1.221 Executing VM operation: HandshakeAllThreads done
Event: 1.253 Executing VM operation: HandshakeAllThreads
Event: 1.253 Executing VM operation: HandshakeAllThreads done
Event: 1.545 Executing VM operation: HandshakeAllThreads
Event: 1.545 Executing VM operation: HandshakeAllThreads done
Event: 1.633 Executing VM operation: HandshakeAllThreads
Event: 1.633 Executing VM operation: HandshakeAllThreads done
Event: 1.693 Executing VM operation: HandshakeAllThreads
Event: 1.693 Executing VM operation: HandshakeAllThreads done
Event: 1.932 Executing VM operation: HandshakeAllThreads
Event: 1.932 Executing VM operation: HandshakeAllThreads done
Event: 1.935 Executing VM operation: HandshakeAllThreads
Event: 1.935 Executing VM operation: HandshakeAllThreads done
Event: 2.951 Executing VM operation: Cleanup
Event: 2.951 Executing VM operation: Cleanup done
Event: 3.124 Executing VM operation: HandshakeAllThreads
Event: 3.124 Executing VM operation: HandshakeAllThreads done
Event: 3.532 Executing VM operation: HandshakeAllThreads
Event: 3.532 Executing VM operation: HandshakeAllThreads done

Events (20 events):
Event: 4.272 loading class java/util/stream/SliceOps$1
Event: 4.273 loading class java/util/stream/SliceOps$1 done
Event: 4.273 loading class java/util/stream/SliceOps$1$1
Event: 4.273 loading class java/util/stream/SliceOps$1$1 done
Event: 4.282 loading class java/lang/InstantiationError
Event: 4.282 loading class java/lang/InstantiationError done
Event: 4.282 loading class java/lang/IllegalAccessError
Event: 4.282 loading class java/lang/IllegalAccessError done
Event: 4.324 loading class java/util/regex/Pattern$Pos
Event: 4.324 loading class java/util/regex/Pattern$Pos done
Event: 4.324 loading class java/util/regex/Pattern$1
Event: 4.324 loading class java/util/regex/Pattern$1 done
Event: 4.325 loading class java/util/concurrent/ConcurrentHashMap$KeySpliterator
Event: 4.325 loading class java/util/concurrent/ConcurrentHashMap$KeySpliterator done
Event: 4.338 loading class java/lang/StackTraceElement$HashedModules
Event: 4.338 loading class java/lang/StackTraceElement$HashedModules done
Event: 4.404 loading class org/w3c/dom/Node
Event: 4.405 loading class org/w3c/dom/Node done
Event: 4.432 loading class java/io/SequenceInputStream
Event: 4.432 loading class java/io/SequenceInputStream done


Dynamic libraries:
0x00007ff7d1d40000 - 0x00007ff7d1d50000 	C:\Program Files\Java\jdk-17.0.12\bin\javaw.exe
0x00007ff9227a0000 - 0x00007ff922a07000 	C:\WINDOWS\SYSTEM32\ntdll.dll
0x00007ff921850000 - 0x00007ff92191b000 	C:\WINDOWS\System32\KERNEL32.DLL
0x00007ff91fa90000 - 0x00007ff91fe92000 	C:\WINDOWS\System32\KERNELBASE.dll
0x00007ff91fea0000 - 0x00007ff91ffec000 	C:\WINDOWS\System32\ucrtbase.dll
0x00007ff90e4a0000 - 0x00007ff90e4b9000 	C:\Program Files\Java\jdk-17.0.12\bin\jli.dll
0x00007ff919490000 - 0x00007ff9194ab000 	C:\Program Files\Java\jdk-17.0.12\bin\VCRUNTIME140.dll
0x00007ff922580000 - 0x00007ff92263c000 	C:\WINDOWS\System32\ADVAPI32.dll
0x00007ff921a40000 - 0x00007ff921ae9000 	C:\WINDOWS\System32\msvcrt.dll
0x00007ff921af0000 - 0x00007ff921b99000 	C:\WINDOWS\System32\sechost.dll
0x00007ff921920000 - 0x00007ff921a38000 	C:\WINDOWS\System32\RPCRT4.dll
0x00007ff921380000 - 0x00007ff92154f000 	C:\WINDOWS\System32\USER32.dll
0x00007ff91f9a0000 - 0x00007ff91f9c7000 	C:\WINDOWS\System32\win32u.dll
0x00007ff921560000 - 0x00007ff92158b000 	C:\WINDOWS\System32\GDI32.dll
0x00007ff905bd0000 - 0x00007ff905e60000 	C:\WINDOWS\WinSxS\amd64_microsoft.windows.common-controls_6595b64144ccf1df_6.0.26100.9278_none_3e0d1ba8e3303201\COMCTL32.dll
0x00007ff920300000 - 0x00007ff920429000 	C:\WINDOWS\System32\gdi32full.dll
0x00007ff920250000 - 0x00007ff9202f3000 	C:\WINDOWS\System32\msvcp_win.dll
0x00007ff9102c0000 - 0x00007ff9102cb000 	C:\WINDOWS\SYSTEM32\VERSION.dll
0x00007ff922060000 - 0x00007ff922091000 	C:\WINDOWS\System32\IMM32.DLL
0x00007ff91a190000 - 0x00007ff91a19c000 	C:\Program Files\Java\jdk-17.0.12\bin\vcruntime140_1.dll
0x00007ff8ff380000 - 0x00007ff8ff40e000 	C:\Program Files\Java\jdk-17.0.12\bin\msvcp140.dll
0x00007ff88ffc0000 - 0x00007ff890ba0000 	C:\Program Files\Java\jdk-17.0.12\bin\server\jvm.dll
0x00007ff921bc0000 - 0x00007ff921bc8000 	C:\WINDOWS\System32\PSAPI.DLL
0x00007ff916f30000 - 0x00007ff916f66000 	C:\WINDOWS\SYSTEM32\WINMM.dll
0x00007ff90e5b0000 - 0x00007ff90e5ba000 	C:\WINDOWS\SYSTEM32\WSOCK32.dll
0x00007ff922650000 - 0x00007ff9226d0000 	C:\WINDOWS\System32\WS2_32.dll
0x00007ff91e670000 - 0x00007ff91e68b000 	C:\WINDOWS\SYSTEM32\kernel.appcore.dll
0x00007ff90e5c0000 - 0x00007ff90e5ca000 	C:\Program Files\Java\jdk-17.0.12\bin\jimage.dll
0x00007ff91ce70000 - 0x00007ff91d0bc000 	C:\WINDOWS\SYSTEM32\DBGHELP.DLL
0x00007ff922110000 - 0x00007ff922495000 	C:\WINDOWS\System32\combase.dll
0x00007ff9204c0000 - 0x00007ff920599000 	C:\WINDOWS\System32\OLEAUT32.dll
0x00007ff8f43d0000 - 0x00007ff8f440b000 	C:\WINDOWS\SYSTEM32\dbgcore.DLL
0x00007ff920000000 - 0x00007ff9200ac000 	C:\WINDOWS\System32\bcryptPrimitives.dll
0x00007ff906a40000 - 0x00007ff906a65000 	C:\Program Files\Java\jdk-17.0.12\bin\java.dll
0x00007ff8ff110000 - 0x00007ff8ff1e7000 	C:\Program Files\Java\jdk-17.0.12\bin\jsvml.dll
0x00007ff9208e0000 - 0x00007ff921078000 	C:\WINDOWS\System32\SHELL32.dll
0x00007ff91d420000 - 0x00007ff91dcce000 	C:\WINDOWS\SYSTEM32\windows.storage.dll
0x00007ff9205b0000 - 0x00007ff9206ab000 	C:\WINDOWS\System32\SHCORE.dll
0x00007ff9220a0000 - 0x00007ff922106000 	C:\WINDOWS\System32\shlwapi.dll
0x00007ff91f8c0000 - 0x00007ff91f8e9000 	C:\WINDOWS\SYSTEM32\profapi.dll
0x00007ff907120000 - 0x00007ff907139000 	C:\Program Files\Java\jdk-17.0.12\bin\net.dll
0x00007ff90e250000 - 0x00007ff90e37a000 	C:\WINDOWS\SYSTEM32\WINHTTP.dll
0x00007ff91ec30000 - 0x00007ff91ec9c000 	C:\WINDOWS\system32\mswsock.dll
0x00007ff906df0000 - 0x00007ff906e06000 	C:\Program Files\Java\jdk-17.0.12\bin\nio.dll
0x00007ff906710000 - 0x00007ff906728000 	C:\Program Files\Java\jdk-17.0.12\bin\zip.dll
0x00007ff91e080000 - 0x00007ff91e1d8000 	C:\WINDOWS\SYSTEM32\DNSAPI.dll
0x00007ff91ea30000 - 0x00007ff91ea3d000 	C:\WINDOWS\SYSTEM32\DSPARSE.dll
0x00007ff91e040000 - 0x00007ff91e073000 	C:\WINDOWS\SYSTEM32\IPHLPAPI.DLL
0x00007ff9205a0000 - 0x00007ff9205aa000 	C:\WINDOWS\System32\NSI.dll
0x00007ff919310000 - 0x00007ff91931b000 	C:\Windows\System32\rasadhlp.dll
0x00007ff90f880000 - 0x00007ff90f906000 	C:\WINDOWS\System32\fwpuclnt.dll
0x00007ff91ef20000 - 0x00007ff91ef3b000 	C:\WINDOWS\SYSTEM32\CRYPTSP.dll
0x00007ff91e5d0000 - 0x00007ff91e609000 	C:\WINDOWS\system32\rsaenh.dll
0x00007ff91ece0000 - 0x00007ff91ed14000 	C:\WINDOWS\SYSTEM32\USERENV.dll
0x00007ff91f890000 - 0x00007ff91f8ba000 	C:\WINDOWS\SYSTEM32\bcrypt.dll
0x00007ff91ef40000 - 0x00007ff91ef4c000 	C:\WINDOWS\SYSTEM32\CRYPTBASE.dll
0x00007ff90f0c0000 - 0x00007ff90f0dd000 	C:\WINDOWS\SYSTEM32\dhcpcsvc6.DLL
0x00007ff90ef70000 - 0x00007ff90ef95000 	C:\WINDOWS\SYSTEM32\dhcpcsvc.DLL
0x00007ff90e5a0000 - 0x00007ff90e5aa000 	C:\Program Files\Java\jdk-17.0.12\bin\management.dll
0x00007ff90e490000 - 0x00007ff90e49b000 	C:\Program Files\Java\jdk-17.0.12\bin\management_ext.dll
0x00007ff90e3a0000 - 0x00007ff90e3ae000 	C:\Program Files\Java\jdk-17.0.12\bin\sunmscapi.dll
0x00007ff9200c0000 - 0x00007ff92023e000 	C:\WINDOWS\System32\CRYPT32.dll
0x00007ff91f160000 - 0x00007ff91f190000 	C:\WINDOWS\SYSTEM32\ncrypt.dll
0x00007ff91f110000 - 0x00007ff91f14f000 	C:\WINDOWS\SYSTEM32\NTASN1.dll
0x00007ff8d85b0000 - 0x00007ff8d85b8000 	C:\WINDOWS\system32\wshunix.dll

dbghelp: loaded successfully - version: 4.0.5 - missing functions: none
symbol engine: initialized successfully - sym options: 0x614 - pdb path: .;C:\Program Files\Java\jdk-17.0.12\bin;C:\WINDOWS\SYSTEM32;C:\WINDOWS\WinSxS\amd64_microsoft.windows.common-controls_6595b64144ccf1df_6.0.26100.9278_none_3e0d1ba8e3303201;C:\Program Files\Java\jdk-17.0.12\bin\server

VM Arguments:
jvm_args: -ea -Dfile.encoding=UTF-8 -Dstdout.encoding=UTF-8 -Dstderr.encoding=UTF-8 -XX:+ShowCodeDetailsInExceptionMessages 
java_command: org.testng.remote.RemoteTestNG -serport 63708 -protocol json -d C:\Users\NAYANA\eclipse-workspace\FinalProject\test-output C:\Users\NAYANA\AppData\Local\Temp\testng-eclipse-169138320\testng-customsuite.xml
java_class_path (initial): C:\Users\NAYANA\eclipse\java-2026-03\eclipse\configuration\org.eclipse.osgi\535\0\.cp\lib\testng-remote.jar;C:\Users\NAYANA\eclipse-workspace\FinalProject\target\test-classes;C:\Users\NAYANA\eclipse-workspace\FinalProject\target\classes;C:\Users\NAYANA\.m2\repository\org\seleniumhq\selenium\selenium-java\4.35.0\selenium-java-4.35.0.jar;C:\Users\NAYANA\.m2\repository\org\seleniumhq\selenium\selenium-api\4.35.0\selenium-api-4.35.0.jar;C:\Users\NAYANA\.m2\repository\org\jspecify\jspecify\1.0.0\jspecify-1.0.0.jar;C:\Users\NAYANA\.m2\repository\org\seleniumhq\selenium\selenium-chrome-driver\4.35.0\selenium-chrome-driver-4.35.0.jar;C:\Users\NAYANA\.m2\repository\com\google\auto\service\auto-service-annotations\1.1.1\auto-service-annotations-1.1.1.jar;C:\Users\NAYANA\.m2\repository\org\seleniumhq\selenium\selenium-chromium-driver\4.35.0\selenium-chromium-driver-4.35.0.jar;C:\Users\NAYANA\.m2\repository\org\seleniumhq\selenium\selenium-json\4.35.0\selenium-json-4.35.0.jar;C:\Users\NAYANA\.m2\repository\org\seleniumhq\selenium\selenium-manager\4.35.0\selenium-manager-4.35.0.jar;C:\Users\NAYANA\.m2\repository\org\seleniumhq\selenium\selenium-devtools-v137\4.35.0\selenium-devtools-v137-4.35.0.jar;C:\Users\NAYANA\.m2\repository\org\seleniumhq\selenium\selenium-devtools-v138\4.35.0\selenium-devtools-v138-4.35.0.jar;C:\Users\NAYANA\.m2\repository\org\seleniumhq\selenium\selenium-devtools-v139\4.35.0\selenium-devtools-v139-4.35.0.jar;C:\Users\NAYANA\.m2\repository\org\seleniumhq\selenium\selenium-edge-driver\4.35.0\selenium-edge-driver-4.35.0.jar;C:\Users\NAYANA\.m2\repository\org\seleniumhq\selenium\selenium-firefox-driver\4.35.0\selenium-firefox-driver-4.35.0.jar;C:\Users\NAYANA\.m2\repository\org\seleniumhq\selenium\selenium-http\4.35.0\selenium-http-4.35.0.jar;C:\Users\NAYANA\.m2\repository\org\seleniumhq\selenium\selenium-ie-driver\4.35.0\selenium-ie-driver-4.35.0.jar;C:\Users\NAYANA\.m2\repository\org\seleniumhq\selenium\selenium-remote-driver\4.
Launcher Type: SUN_STANDARD

[Global flags]
     intx CICompilerCount                          = 3                                         {product} {ergonomic}
     uint ConcGCThreads                            = 1                                         {product} {ergonomic}
     uint G1ConcRefinementThreads                  = 4                                         {product} {ergonomic}
   size_t G1HeapRegionSize                         = 1048576                                   {product} {ergonomic}
    uintx GCDrainStackTargetSize                   = 64                                        {product} {ergonomic}
   size_t InitialHeapSize                          = 130023424                                 {product} {ergonomic}
   size_t MarkStackSize                            = 4194304                                   {product} {ergonomic}
   size_t MaxHeapSize                              = 2078277632                                {product} {ergonomic}
   size_t MaxNewSize                               = 1246756864                                {product} {ergonomic}
   size_t MinHeapDeltaBytes                        = 1048576                                   {product} {ergonomic}
   size_t MinHeapSize                              = 8388608                                   {product} {ergonomic}
    uintx NonNMethodCodeHeapSize                   = 5832780                                {pd product} {ergonomic}
    uintx NonProfiledCodeHeapSize                  = 122912730                              {pd product} {ergonomic}
    uintx ProfiledCodeHeapSize                     = 122912730                              {pd product} {ergonomic}
    uintx ReservedCodeCacheSize                    = 251658240                              {pd product} {ergonomic}
     bool SegmentedCodeCache                       = true                                      {product} {ergonomic}
     bool ShowCodeDetailsInExceptionMessages       = true                                   {manageable} {command line}
   size_t SoftMaxHeapSize                          = 2078277632                             {manageable} {ergonomic}
     bool UseCompressedClassPointers               = true                           {product lp64_product} {ergonomic}
     bool UseCompressedOops                        = true                           {product lp64_product} {ergonomic}
     bool UseG1GC                                  = true                                      {product} {ergonomic}
     bool UseLargePagesIndividualAllocation        = false                                  {pd product} {ergonomic}

Logging:
Log output configuration:
 #0: stdout all=warning uptime,level,tags
 #1: stderr all=off uptime,level,tags

Environment Variables:
JAVA_HOME=C:\Program Files\Java\jdk-17.0.12
PATH=C:/Users/NAYANA/.p2/pool/plugins/org.eclipse.justj.openjdk.hotspot.jre.full.win32.x86_64_21.0.10.v20260205-0638/jre/bin/server;C:/Users/NAYANA/.p2/pool/plugins/org.eclipse.justj.openjdk.hotspot.jre.full.win32.x86_64_21.0.10.v20260205-0638/jre/bin;C:\Program Files\Common Files\Oracle\Java\javapath;C:\WINDOWS\system32;C:\WINDOWS;C:\WINDOWS\System32\Wbem;C:\WINDOWS\System32\WindowsPowerShell\v1.0\;C:\WINDOWS\System32\OpenSSH\;C:\Program Files\Maven\apache-maven-3.9.15\bin;C:\Program Files\Java\jdk-17.0.12\bin;C:\Program Files\Git\cmd;C:\Users\NAYANA\AppData\Local\Microsoft\WindowsApps;C:\Users\NAYANA\AppData\Local\GitHubDesktop\bin;C:\Users\NAYANA\AppData\Local\Programs\Microsoft VS Code\bin;C:\Users\NAYANA\OneDrive\Desktop;
USERNAME=NAYANA
OS=Windows_NT
PROCESSOR_IDENTIFIER=Intel64 Family 6 Model 140 Stepping 1, GenuineIntel



---------------  S Y S T E M  ---------------

OS:
 Windows 11 , 64 bit Build 26100 (10.0.26100.9444)
OS uptime: 5 days 2:28 hours

CPU: total 4 (initial active 4) (2 cores per cpu, 2 threads per core) family 6 model 140 stepping 1 microcode 0xbe, cx8, cmov, fxsr, ht, mmx, 3dnowpref, sse, sse2, sse3, ssse3, sse4.1, sse4.2, popcnt, lzcnt, tsc, tscinvbit, avx, avx2, aes, erms, clmul, bmi1, bmi2, adx, avx512f, avx512dq, avx512cd, avx512bw, avx512vl, sha, fma, vzeroupper, avx512_vpopcntdq, avx512_vpclmulqdq, avx512_vaes, avx512_vnni, clflush, clflushopt, clwb, avx512_vbmi2, avx512_vbmi

Memory: 4k page, system-wide physical 7926M (829M free)
TotalPageFile size 13034M (AvailPageFile size 45M)
current process WorkingSet (physical memory assigned to process): 123M, peak: 123M
current process commit charge ("private bytes"): 245M, peak: 245M

vm_info: Java HotSpot(TM) 64-Bit Server VM (17.0.12+8-LTS-286) for windows-amd64 JRE (17.0.12+8-LTS-286), built on Jun  5 2024 06:46:59 by "mach5one" with MS VC++ 17.6 (VS2022)

END.
